Script started on 2023-02-26 02:15:36-05:00
bash-4.4$ nano .ash[K[K[Kbashrx [K[Kc
[?1049h[22;0;0t[1;63r(B[m[4l[?7h[39;49m[?1h=[?1h=[?1h=[?25l[39;49m(B[m[H[2J[61;111H(B[0;7m[ Reading File ](B[m[61;117H(B[0;7m 0 lines ](B[m[H(B[0;7m  GNU nano 2.9.8                                                                                                      .bashrc                                                                                                                [1;236H(B[m[62d(B[0;7m^G(B[m Get Help	  (B[0;7m^O(B[m Write Out[37G(B[0;7m^W(B[m Where Is[55G(B[0;7m^K(B[m Cut Text	(B[0;7m^J(B[m Justify[62;91H(B[0;7m^C(B[m Cur Pos[62;109H(B[0;7mM-U(B[m Undo[62;127H(B[0;7mM-A(B[m Mark Text     (B[0;7mM-](B[m To Bracket    (B[0;7mM-â–²(B[m Previous[181G(B[0;7m^B(B[m Back[62;199H(B[0;7m^â—€(B[m Prev Word	(B[0;7m^A(B[m Home[63d(B[0;7m^X(B[m Exit[63;19H(B[0;7m^R(B[m Read File[37G(B[0;7m^\(B[m Replace[63;55H(B[0;7m^U(B[m Uncut Text     (B[0;7m^T(B[m To Spell	  (B[0;7m^_(B[m Go To Line     (B[0;7mM-E(B[m Redo[63;127H(B[0;7mM-6(B[m Copy Text     (B[0;7mM-W(B[m WhereIs Next  (B[0;7mM-â–¼(B[m Next[63;181H(B[0;7m^F(B[m Forward[63;199H(B[0;7m^â–¶(B[m Next Word	(B[0;7m^E(B[m End[61d[3d[39;49m(B[m[?12l[?25h[?25l[1;228H(B[0;7mModified(B[m[3da[?12l[?25h[?25ll[?12l[?25h[?25li[?12l[?25h[?25la[?12l[?25h[?25ls[?12l[?25h[?25l [?12l[?25h[?25ll[?12l[?25h[?25l=[?12l[?25h[?25l"[?12l[?25h[?25ll[?12l[?25h[?25ls[?12l[?25h[?25l [?12l[?25h[?25l-[?12l[?25h[?25ll[?12l[?25h[?25la[?12l[?25h[?25lt[?12l[?25h[?25lr[?12l[?25h[?25l"[?12l[?25h[?25l[4d[?12l[?25h[?25la[?12l[?25h[?25ll[?12l[?25h[?25li[?12l[?25h[?25la[?12l[?25h[?25ls[?12l[?25h[?25l [?12l[?25h[?25lw[61d[K[4;8H[?12l[?25h[?25l=[?12l[?25h[?25l"[?12l[?25h[?25ll[?12l[?25h[?25ls[?12l[?25h[?25l [?12l[?25h[?25l-[?12l[?25h[?25ll[?12l[?25h[?25la[?12l[?25h[?25l	[?12l[?25h[?25l|[?12l[?25h[?25l[Z [Z[?12l[?25h[?25l[?12l[?25h[?25l [?12l[?25h[?25l [?12l[?25h[?25l [?12l[?25h[?25l[?12l[?25h[?25l [?12l[?25h[?25l [?12l[?25h[?25l	 	[?12l[?25h[?25l"ls -la | wc"[?12l[?25h[?25l[61d(B[0;7mSave modified buffer?  (Answering "No" will DISCARD changes.)                                                                                                                                                                                [62;1H Y(B[m Yes[K[63d(B[0;7m N(B[m No  [63;17H(B[0;7m^C(B[m Cancel[K[61;63H[?12l[?25h[?25l[62d(B[0;7m^G(B[m Get Help[62;60H(B[0;7mM-D(B[m DOS Format[62;119H(B[0;7mM-A(B[m Append[62;178H(B[0;7mM-B(B[m Backup File[63d(B[0;7m^C(B[m Cancel	         [63;60H(B[0;7mM-M(B[m Mac Format[63;119H(B[0;7mM-P(B[m Prepend[63;178H(B[0;7m^T(B[m To Files[61d(B[0;7mFile Name to Write: .bashrc                                  (B[m[61;28H[?12l[?25h[?25l[K[1;236H[1;228H(B[0;7m        (B[m[61;111H(B[0;7m[ Wrote 2 lines ](B[m[J[63;237H[?12l[?25h[63;1H[?1049l[23;0;0t[?1l>bash-4.4$ l
bash: l: command not found
bash-4.4$ source .bashrc
bash-4.4$ l
total 3197424
-rw-rw-r-- 1 ryder23sp ryder23sp 3238702530 Nov 24  2017 amazon_reviews_us_Books_v1_02.tsv
drwxrwxr-x 6 ryder23sp ryder23sp       4096 Feb 15 16:53 ..
-rw-rw-r-- 1 ryder23sp ryder23sp     450847 Feb 15 17:06 sample.txt
drwxrwxr-x 2 ryder23sp ryder23sp       4096 Feb 15 17:16 CUSTOMERS
drwxrwxr-x 2 ryder23sp ryder23sp       4096 Feb 15 17:16 PRODUCTS
-rw-rw-r-- 1 ryder23sp ryder23sp   34974286 Feb 15 17:28 customerID_helpful.txt
drwxrwxr-x 4 ryder23sp ryder23sp       4096 Feb 15 17:31 .
-rw-rw-r-- 1 ryder23sp ryder23sp         19 Feb 15 17:33 final_cIDs.txt
-rw-rw-r-- 1 ryder23sp ryder23sp          0 Feb 26 02:15 ws4.txt
-rw-rw-r-- 1 ryder23sp ryder23sp         41 Feb 26 02:16 .bashrc
bash-4.4$ w
     11      92     707
bash-4.4$ exit

Script done on 2023-02-26 02:17:24-05:00
